<html><body><div class="woocommerce">
<div class="woocommerce-notices-wrapper"></div>
<div class="wc-empty-cart-message">
	<div class="cart-empty woocommerce-info">
		Your cart is currently empty.	</div>
</div>	<p class="return-to-shop">
		<a class="button wc-backward" href="http://example.org">
			Return to shop		</a>
	</p>
</div></body></html>
